╭─ ~ ▓▒░·······························································································································░▒▓ ✔  took 3s  at 12:00:06 AM ─╮ 
╰─ docker ps -as                                                                                                                                                          ─╯ 
CONTAINER ID   IMAGE     COMMAND   CREATED   STATUS    PORTS     NAMES     SIZE 
 
╭─ ~ ▓▒░·········································································································································░▒▓ ✔  at 12:00:12 AM ─╮ 
╰─ docker images                                                                                                                                                          ─╯ 
REPOSITORY   TAG       IMAGE ID   CREATED   SIZE